2026-09-07 08:21:58 | INFO    | СИСТЕМА                        | INIT                     | заведено пользователей: 26, пароли записаны в Пароли.txt
2026-09-07 08:24:19 | INFO    | Пархачева Екатерина Евгеньевна | LOGIN                    | вход выполнен (администратор)
2026-09-07 08:24:28 | INFO    | Пархачева Екатерина Евгеньевна | SETTINGS                 | количество мест: 26
2026-09-07 08:24:28 | WARNING | Пархачева Екатерина Евгеньевна | SETTINGS                 | режим отладки (круглосуточный доступ): включён
2026-09-07 08:24:41 | INFO    | Пархачева Екатерина Евгеньевна | LOGOUT                   | выход
2026-09-07 08:24:54 | INFO    | Иванова Анна Михайловна        | LOGIN                    | вход выполнен
2026-09-07 08:25:06 | INFO    | Иванова Анна Михайловна        | PREFS_SAVE               | выбраны места: 2, 5, 9
2026-09-07 08:25:15 | INFO    | Иванова Анна Михайловна        | LOGOUT                   | выход
2026-09-07 08:25:28 | INFO    | Пархачева Екатерина Евгеньевна | LOGIN                    | вход выполнен (администратор)
2026-09-07 08:25:47 | WARNING | Пархачева Екатерина Евгеньевна | CALC_EARLY               | расчёт запущен до закрытия приёма пожеланий
2026-09-07 08:25:47 | INFO    | Пархачева Екатерина Евгеньевна | CALC_START               | расчёт распределения за 2026-09-07: участников 26, пожеланий 1, мест 26
2026-09-07 08:25:47 | INFO    | РАСЧЁТ                         | CALC                     | Участников всего: 26, мест: 26
2026-09-07 08:25:47 | INFO    | РАСЧЁТ                         | CALC                     | Прислали пожелания: 1
2026-09-07 08:25:47 | INFO    | РАСЧЁТ                         | CALC                     | Не прислали пожелания (считаем, что место безразлично): 25
2026-09-07 08:25:47 | INFO    | РАСЧЁТ                         | CALC                     | --- Разбор пожеланий (венгерский алгоритм, точный оптимум) ---
2026-09-07 08:25:47 | INFO    | РАСЧЁТ                         | CALC                     | УЧТЕНО      | Иванова Анна Михайловна          | хотел(а): 2, 5, 9    | получил(а) место  2 (пожелание №1)
2026-09-07 08:25:47 | INFO    | РАСЧЁТ                         | CALC                     | --- Случайное распределение оставшихся мест ---
2026-09-07 08:25:47 | INFO    | РАСЧЁТ                         | CALC                     | БЕЗ ПОЖЕЛАНИЙ | Артамонова Дарья Алексеевна      | случайно получил(а) место  7
2026-09-07 08:25:47 | INFO    | РАСЧЁТ                         | CALC                     | БЕЗ ПОЖЕЛАНИЙ | Васильева Анастасия Ренатовна    | случайно получил(а) место  4
2026-09-07 08:25:47 | INFO    | РАСЧЁТ                         | CALC                     | БЕЗ ПОЖЕЛАНИЙ | Васьковский Андрей Игоревич      | случайно получил(а) место  5
2026-09-07 08:25:47 | INFO    | РАСЧЁТ                         | CALC                     | БЕЗ ПОЖЕЛАНИЙ | Данилов Павел Олегович           | случайно получил(а) место 12
2026-09-07 08:25:47 | INFO    | РАСЧЁТ                         | CALC                     | БЕЗ ПОЖЕЛАНИЙ | Емельянов Петр Евгеньевич        | случайно получил(а) место 13
2026-09-07 08:25:47 | INFO    | РАСЧЁТ                         | CALC                     | БЕЗ ПОЖЕЛАНИЙ | Зайцев Никита Александрович      | случайно получил(а) место 22
2026-09-07 08:25:47 | INFO    | РАСЧЁТ                         | CALC                     | БЕЗ ПОЖЕЛАНИЙ | Кандакова Виктория Михайловна    | случайно получил(а) место 23
2026-09-07 08:25:47 | INFO    | РАСЧЁТ                         | CALC                     | БЕЗ ПОЖЕЛАНИЙ | Корецкий Артём Юрьевич           | случайно получил(а) место  9
2026-09-07 08:25:47 | INFO    | РАСЧЁТ                         | CALC                     | БЕЗ ПОЖЕЛАНИЙ | Макеев Артём Дмитриевич          | случайно получил(а) место  6
2026-09-07 08:25:47 | INFO    | РАСЧЁТ                         | CALC                     | БЕЗ ПОЖЕЛАНИЙ | Мангутова Снежана Юрьевна        | случайно получил(а) место 17
2026-09-07 08:25:47 | INFO    | РАСЧЁТ                         | CALC                     | БЕЗ ПОЖЕЛАНИЙ | Муравьева Мария Михайловна       | случайно получил(а) место  3
2026-09-07 08:25:47 | INFO    | РАСЧЁТ                         | CALC                     | БЕЗ ПОЖЕЛАНИЙ | Мясникова Дарья Александровна    | случайно получил(а) место  8
2026-09-07 08:25:47 | INFO    | РАСЧЁТ                         | CALC                     | БЕЗ ПОЖЕЛАНИЙ | Назимкин Сергей Сергеевич        | случайно получил(а) место 16
2026-09-07 08:25:47 | INFO    | РАСЧЁТ                         | CALC                     | БЕЗ ПОЖЕЛАНИЙ | Никишин Александр Владимирович   | случайно получил(а) место 18
2026-09-07 08:25:47 | INFO    | РАСЧЁТ                         | CALC                     | БЕЗ ПОЖЕЛАНИЙ | Никулин Владислав Юрьевич        | случайно получил(а) место 14
2026-09-07 08:25:47 | INFO    | РАСЧЁТ                         | CALC                     | БЕЗ ПОЖЕЛАНИЙ | Отвагин Иван Александрович       | случайно получил(а) место 19
2026-09-07 08:25:47 | INFO    | РАСЧЁТ                         | CALC                     | БЕЗ ПОЖЕЛАНИЙ | Пархачева Екатерина Евгеньевна   | случайно получил(а) место 26
2026-09-07 08:25:47 | INFO    | РАСЧЁТ                         | CALC                     | БЕЗ ПОЖЕЛАНИЙ | Пуртова Софья Ивановна           | случайно получил(а) место 25
2026-09-07 08:25:47 | INFO    | РАСЧЁТ                         | CALC                     | БЕЗ ПОЖЕЛАНИЙ | Пчелинцев Сергей Геннадьевич     | случайно получил(а) место 21
2026-09-07 08:25:47 | INFO    | РАСЧЁТ                         | CALC                     | БЕЗ ПОЖЕЛАНИЙ | Свиридова Екатерина Романовна    | случайно получил(а) место 10
2026-09-07 08:25:47 | INFO    | РАСЧЁТ                         | CALC                     | БЕЗ ПОЖЕЛАНИЙ | Тухбатуллин Назар Айдарович      | случайно получил(а) место 20
2026-09-07 08:25:47 | INFO    | РАСЧЁТ                         | CALC                     | БЕЗ ПОЖЕЛАНИЙ | Цепова Елена Дмитриевна          | случайно получил(а) место 15
2026-09-07 08:25:47 | INFO    | РАСЧЁТ                         | CALC                     | БЕЗ ПОЖЕЛАНИЙ | Цуркан Григорий Михайлович       | случайно получил(а) место  1
2026-09-07 08:25:47 | INFO    | РАСЧЁТ                         | CALC                     | БЕЗ ПОЖЕЛАНИЙ | Честных Кирилл Валерьевич        | случайно получил(а) место 11
2026-09-07 08:25:47 | INFO    | РАСЧЁТ                         | CALC                     | БЕЗ ПОЖЕЛАНИЙ | Чурин Владимир Витальевич        | случайно получил(а) место 24
2026-09-07 08:25:47 | INFO    | РАСЧЁТ                         | CALC                     | --- Итог ---
2026-09-07 08:25:47 | INFO    | РАСЧЁТ                         | CALC                     | Пожелания учтены полностью: 1 из 1
2026-09-07 08:25:47 | INFO    | РАСЧЁТ                         | CALC                     |   первое пожелание: 1, второе: 0, третье: 0
2026-09-07 08:25:47 | INFO    | РАСЧЁТ                         | CALC                     | Не удалось учесть: 0 (поставлены максимально близко к желаемому)
2026-09-07 08:25:47 | INFO    | РАСЧЁТ                         | CALC                     | Распределены случайно (без пожеланий): 25
2026-09-07 08:25:47 | INFO    | Пархачева Екатерина Евгеньевна | CALC_DONE                | Учтено пожеланий: 1 из 1 (1-е: 1, 2-е: 0, 3-е: 0); не учтено: 0; без пожеланий: 25
2026-09-07 08:25:59 | INFO    | Пархачева Екатерина Евгеньевна | LOGOUT                   | выход
2026-09-07 08:25:59 | INFO    | Иванова Анна Михайловна        | LOGIN                    | вход выполнен
2026-09-07 08:26:32 | INFO    | Иванова Анна Михайловна        | SWAP_REQUEST             | предложен обмен: Иванова Анна Михайловна (место 2) <-> Цуркан Григорий Михайлович (место 1), заявка №1
2026-09-07 08:26:34 | INFO    | Иванова Анна Михайловна        | LOGOUT                   | выход
2026-09-07 08:26:34 | INFO    | Цуркан Григорий Михайлович     | LOGIN                    | вход выполнен
2026-09-07 08:26:50 | INFO    | Цуркан Григорий Михайлович     | SWAP_ACCEPT              | обмен выполнен по заявке №1: Иванова Анна Михайловна теперь на месте 1, Цуркан Григорий Михайлович — на месте 2
2026-09-07 08:27:06 | INFO    | СИСТЕМА                        | CLEANUP                  | демонстрационные данные удалены, режим отладки выключен
2026-09-07 08:28:01 | WARNING | (пусто)                        | LOGIN_FAIL               | неверная фамилия/имя или пароль
2026-09-07 08:28:01 | WARNING | (пусто)                        | LOGIN_FAIL               | неверная фамилия/имя или пароль
2026-09-07 08:28:10 | WARNING | Иванова Анна Михайловна        | LOGIN_DENIED             | Приём пожеланий откроется сегодня в 20:00.
2026-09-07 08:28:10 | INFO    | Пархачева Екатерина Евгеньевна | LOGIN                    | вход выполнен (администратор)
2026-09-07 08:45:28 | INFO    | СИСТЕМА                        | INIT                     | заведено пользователей: 26, стартовый пароль у всех одинаковый
2026-09-07 08:45:44 | INFO    | Пархачева Екатерина Евгеньевна | LOGIN                    | вход выполнен (администратор)
2026-09-07 08:45:44 | WARNING | Пархачева Екатерина Евгеньевна | SETTINGS                 | режим отладки (круглосуточный доступ): включён
2026-09-07 08:45:44 | INFO    | Пархачева Екатерина Евгеньевна | LOGOUT                   | выход
2026-09-07 08:45:45 | INFO    | Иванова Анна Михайловна        | LOGIN                    | вход выполнен
2026-09-07 08:45:56 | INFO    | Пархачева Екатерина Евгеньевна | LOGIN                    | вход выполнен (администратор)
2026-09-07 08:45:56 | INFO    | Пархачева Екатерина Евгеньевна | LOGOUT                   | выход
2026-09-07 08:45:56 | INFO    | Иванова Анна Михайловна        | LOGIN                    | вход выполнен
2026-09-07 08:46:54 | INFO    | Иванова Анна Михайловна        | PASSWORD_SELF_CHANGE     | пользователь сменил себе пароль
2026-09-07 08:47:07 | INFO    | СИСТЕМА                        | SEED                     | база была пуста: заведено пользователей 26, стартовый пароль у всех одинаковый
